// Vitest Snapshot v1, https://vitest.dev/guide/snapshot.html

exports[`Sign_up renders correctly 1`] = `
<div>
  <div
    class="fixed top-0 left-0 w-screen h-screen bg-opacity-50 "
  >
    <div
      class="flex h-full"
    >
      <div
        class="w-1/2 flex justify-center items-center bg-gray-800"
      >
        <div
          class="bg-gray p-4  mx-auto my-8 text-center"
        >
          <p
            class=" text-white text-xl font-bold text-xl pb-5"
          >
            ¡¡De nada sirve hacer ejercicio sin tener un orden!!
          </p>
          <p
            class="text-white text-lg"
          >
            Nuestra app está diseñada para hacer tus horas de ejercicio algo más controlado
          </p>
          <div
            class="flex justify-center pt-10"
          >
            <img
              alt="Logo"
              src="/src/assets/logo.png"
            />
          </div>
        </div>
      </div>
      <div
        class="w-1/2 flex justify-center items-center bg-sky-600"
      >
        <div>
          <div
            class="pb-10"
          >
            <label
              class="text-white pb-12 font-bold"
            >
              ¡¡Registrarse es gratis y toma poco tiempo!!
            </label>
          </div>
          <div
            class="mb-3"
          />
          <form
            class="bg-white shadow-md flex flex-col items-center rounded-xl px-8 pt-10 pb-8 mb-1"
          >
            <div
              class="pb-2"
            >
              <label
                class="font-bold"
              >
                 Nombre
              </label>
            </div>
            <div
              class="pb-6"
            >
              <input
                class=" text-2xl bg-white border-b border-sky-300 focus:border-sky-700 focus:outline-none"
                id="name"
                name="name"
                type="name"
                value=""
              />
            </div>
            <div
              class="pb-2"
            >
              <label
                class=" font-bold"
              >
                Correo electrónico
              </label>
            </div>
            <div
              class="pb-6"
            >
              <input
                class=" text-2xl bg-white border-b border-sky-300 focus:border-sky-700 focus:outline-none"
                id="email"
                name="email"
                type="email"
                value=""
              />
            </div>
            <div
              class="pb-2"
            >
              <label
                class=" font-bold"
              >
                Contraseña
              </label>
            </div>
            <div
              class="relative pb-6"
            >
              <input
                class=" text-2xl bg-white border-b border-sky-300 focus:border-sky-700 focus:outline-none"
                id="password"
                name="password"
                type="password"
                value=""
              />
              <span
                class="absolute top-1/2 right-2 transform -translate-y-1/2 cursor-pointer"
                style="z-index: 1;"
              >
                <svg
                  class="h-8 w-8 text-sky-700"
                  fill="none"
                  stroke="currentColor"
                  stroke-linecap="round"
                  stroke-linejoin="round"
                  stroke-width="2"
                  viewBox="0 0 24 24"
                >
                    
                  <path
                    d="M17.94 17.94A10.07 10.07 0 0 1 12 20c-7 
  0-11-8-11-8a18.45 18.45 0 0 1 5.06-5.94M9.9 4.24A9.12 9.12 0 0 1 12 4c7 0 11 8 11 8a18.5 18.5 0 0 1-2.16 3.19m-6.72-1.07a3 3 
  0 1 1-4.24-4.24"
                  />
                    
                  <line
                    x1="1"
                    x2="23"
                    y1="1"
                    y2="23"
                  />
                </svg>
              </span>
            </div>
            <div
              class="pb-2"
            >
              <label
                class=" font-bold"
              >
                Repite Contraseña
              </label>
            </div>
            <div
              class="relative pb-6"
            >
              <input
                class=" text-2xl bg-white border-b border-sky-300 focus:border-sky-700 focus:outline-none"
                id="re_password"
                name="re_password"
                type="password"
                value=""
              />
              <span
                class="absolute top-1/2 right-2 transform -translate-y-1/2 cursor-pointer"
                style="z-index: 1;"
              >
                <svg
                  class="h-8 w-8 text-sky-700"
                  fill="none"
                  stroke="currentColor"
                  stroke-linecap="round"
                  stroke-linejoin="round"
                  stroke-width="2"
                  viewBox="0 0 24 24"
                >
                    
                  <path
                    d="M17.94 17.94A10.07 10.07 0 0 1 12 20c-7 
  0-11-8-11-8a18.45 18.45 0 0 1 5.06-5.94M9.9 4.24A9.12 9.12 0 0 1 12 4c7 0 11 8 11 8a18.5 18.5 0 0 1-2.16 3.19m-6.72-1.07a3 3 
  0 1 1-4.24-4.24"
                  />
                    
                  <line
                    x1="1"
                    x2="23"
                    y1="1"
                    y2="23"
                  />
                </svg>
              </span>
            </div>
            <div
              class="pt-8"
            >
              <button
                class=" transition-transform transform hover:scale-110 text-white bg-sky-500 hover:bg-blue-800 font-bold py-3 px-5 rounded-lg"
                id="registrarse"
                type="submit"
              >
                registrarse
              </button>
            </div>
          </form>
          <p
            class="text-base text-white"
          >
            ¿Ya tienes una cuenta? prueba   
            <a
              class="inline-block text-white hover:text-gray-300 transition-transform transform hover:scale-110"
              href="/login"
            >
               iniciar sesión
            </a>
          </p>
        </div>
      </div>
    </div>
  </div>
</div>
`;
